                                                                                
                                                                                
                                                                                
                                                                                
                                                                                
                                                                                
                                FOCUSING  ·  PRJ                                
                                                                                
                              ██  ████     ██   ██                              
                                █ █     ● █  █ █  █                             
                              ██  ███     █  █ █  █                             
                             █       █  ● █  █ █  █                             
                             ████ ███      ██   ██                              
                                                                                
                                      Tsk                                       
                                press s to start                                
                                                                                
     ──────────────────────────────────────────────────────────────────────     
                                                                                
                                                                                
                                                                                
                                                                                
                                                                                
                                                                                