                                                                                
                                                                                
                                                                                
                                                                                
                                                                                
                                                                                
                              BUILDING  ·  🐹 FAWZ                              
                                                                                
                              ██  ████     ██   ██                              
                                █ █     ● █  █ █  █                             
                              ██  ███     █  █ █  █                             
                             █       █  ● █  █ █  █                             
                             ████ ███      ██   ██                              
                                                                                
                                   build auth                                   
                                press s to start                                
                                                                                
     ──────────────────────────────────────────────────────────────────────     
                                                                                
                                                                                
                                                                                
                                                                                
                                                                                
                                                                                