                                                                                
                                                                                
                                                                                
                                                                                
 ╭────────────────────────────────────────────────────────────────────────────╮ 
 │                                                                            │ 
 │                            ██  ████     ██   ██                            │ 
 │                              █ █     ● █  █ █  █                           │ 
 │                            ██  ███     █  █ █  █                           │ 
 │                           █       █  ● █  █ █  █                           │ 
 │                           ████ ███      ██   ██                            │ 
 │                                                                            │ 
 │                                  Focusing                                  │ 
 │                                Project: Prj                                │ 
 │                                 Task: Tsk                                  │ 
 │                                                                            │ 
 │    ────────────────────────────────────────────────────────────────────    │ 
 │                                                                            │ 
 ╰────────────────────────────────────────────────────────────────────────────╯ 
                                                                                
                                                                                
                                                                                
                                                                                
                                                                                