                                                                                
 ╭────────────────────────────────────────────────────────────────────────────╮ 
 │                                                                            │ 
 │                            ██  ████     ██   ██                            │ 
 │                              █ █     ● █  █ █  █                           │ 
 │                            ██  ███     █  █ █  █                           │ 
 │                           █       █  ● █  █ █  █                           │ 
 │                           ████ ███      ██   ██                            │ 
 │                                                                            │ 
 │                                  Focusing                                  │ 
 │                                  ○ ○ ○ ○                                   │ 
 │                            Project: TestProject                            │ 
 │                               Task: TestTask                               │ 
 │                             feature/deep-work                             │ 
 │                              press s to start                              │ 
 │                                                                            │ 
 │    ────────────────────────────────────────────────────────────────────    │ 
 │                                                                            │ 
 │     s start  ·  space pause  ·  n skip  ·  t task  ·  p project  ·  r      │ 
 │                        reset  ·  ? help  ·  q quit                         │ 
 │                                                                            │ 
 ╰────────────────────────────────────────────────────────────────────────────╯ 
                                                                                
                                                                                