                                                                                
                                                                                
                                                                                
                                                                                
                                                                                
                                                                                
 ╭────────────────────────────────────────────────────────────────────────────╮ 
 │                                                                            │ 
 │  FOCUSING                             │ PROJECT                            │ 
 │  25:00                                  Prj                                │ 
 │  ────────────────────────────────────                                      │ 
 │                                         TASK                               │ 
 │                                         Tsk                                │ 
 │                                                                            │ 
 │                                                                            │ 
 │                                                                            │ 
 ╰────────────────────────────────────────────────────────────────────────────╯ 
                                                                                
                                                                                
                                                                                
                                                                                
                                                                                
                                                                                
                                                                                