                                                                                
                                                                                
                                                                                
                                                                                
                                                                                
                                                                                
 ╭────────────────────────────────────────────────────────────────────────────╮ 
 │                                                                            │ 
 │  BUILDING                             │ PROJECT                            │ 
 │  25:00                                  🐹 Fawz                            │ 
 │  ────────────────────────────────────                                      │ 
 │                                         TASK                               │ 
 │                                         build auth                         │ 
 │                                                                            │ 
 │                                         press s to start                   │ 
 │                                                                            │ 
 ╰────────────────────────────────────────────────────────────────────────────╯ 
                                                                                
                                                                                
                                                                                
                                                                                
                                                                                
                                                                                
                                                                                