                                                                                
                                                                                
 ╭────────────────────────────────────────────────────────────────────────────╮ 
 │                                                                            │ 
 │                     ██    █      ██  ████     ██   ██                      │ 
 │                    █  █   █   ●    █ █     ● █  █ █  █                     │ 
 │                    █  █   █      ██  ███     █  █ █  █                     │ 
 │                    █  █   █   ●    █    █  ● █  █ █  █                     │ 
 │                     ██    █      ██  ███      ██   ██                      │ 
 │                                                                            │ 
 │                                   Break                                    │ 
 │                            Project: DeepProject                            │ 
 │                               Task: DeepTask                               │ 
 │                             feature/deep-work                             │ 
 │                            break · focus in 5m                             │ 
 │                                                                            │ 
 │    ━━━━━━━━━━━━━━──────────────────────────────────────────────────────    │ 
 │                                                                            │ 
 │     s start  ·  space pause  ·  n skip  ·  t task  ·  p project  ·  r      │ 
 │                        reset  ·  ? help  ·  q quit                         │ 
 │                                                                            │ 
 ╰────────────────────────────────────────────────────────────────────────────╯ 
                                                                                
                                                                                