                                                                                
                                                                                
 ╭────────────────────────────────────────────────────────────────────────────╮ 
 │                                                                            │ 
 │                     ██   ██      ██   ██      ██   ██                      │ 
 │                    █  █    █  ● █  █ █  █  ● █  █ █  █                     │ 
 │                    █  █  ██     █  █ █  █    █  █ █  █                     │ 
 │                    █  █ █     ● █  █ █  █  ● █  █ █  █                     │ 
 │                     ██  ████     ██   ██      ██   ██                      │ 
 │                                                                            │ 
 │                                  Focusing                                  │ 
 │                            Project: DeepProject                            │ 
 │                               Task: DeepTask                               │ 
 │                             feature/deep-work                             │ 
 │                            focus · break in 25m                            │ 
 │                                                                            │ 
 │    ────────────────────────────────────────────────────────────────────    │ 
 │                                                                            │ 
 │     s start  ·  space pause  ·  n skip  ·  t task  ·  p project  ·  r      │ 
 │                        reset  ·  ? help  ·  q quit                         │ 
 │                                                                            │ 
 ╰────────────────────────────────────────────────────────────────────────────╯ 
                                                                                
                                                                                