                                                                                
                                                                                
                                                                                
                                                                                
                                                                                
                                                                                
                                                                                
 ┌────────────────────────────────────────────────────────────────────────────┐ 
 │                                                                            │ 
 │  25:00                                                           FOCUSING  │ 
 │  ────────────────────────────────────────────────────────────────────────  │ 
 │  Prj  /  Tsk                                                               │ 
 │                                                                            │ 
 │  ────────────────────────────────────────────────────────────────────────  │ 
 │                                                                            │ 
 └────────────────────────────────────────────────────────────────────────────┘ 
                                                                                
                                                                                
                                                                                
                                                                                
                                                                                
                                                                                
                                                                                
                                                                                