                                                                                
                                                                                
                                                                                
                                                                                
                                                                                
                                                                                
                                                                                
 ┌────────────────────────────────────────────────────────────────────────────┐ 
 │                                                                            │ 
 │  25:00                                                           BUILDING  │ 
 │  ────────────────────────────────────────────────────────────────────────  │ 
 │  🐹 Fawz  /  build auth                                                    │ 
 │  press s to start                                                          │ 
 │                                                                            │ 
 │  ────────────────────────────────────────────────────────────────────────  │ 
 │                                                                            │ 
 └────────────────────────────────────────────────────────────────────────────┘ 
                                                                                
                                                                                
                                                                                
                                                                                
                                                                                
                                                                                
                                                                                