                                                                                
                                                                                
                                                                                
                                                                                
                                                                                
                                                                                
                                                                                
                                                                                
                                                                                
                                25:00 · Focusing                                
                                   Prj → Tsk                                    
                                press s to start                                
                                                                                
          ────────────────────────────────────────────────────────────          
                                                                                
                                                                                
                                                                                
                                                                                
                                                                                
                                                                                
                                                                                
                                                                                
                                                                                
                                                                                