                                                                                
                                                                                
                                                                                
                                                                                
                                                                                
                                                                                
                                                                                
                                                                                
                                                                                
                                25:00 · Building                                
                              🐹 Fawz → build auth                              
                                press s to start                                
                                                                                
          ────────────────────────────────────────────────────────────          
                                                                                
                                                                                
                                                                                
                                                                                
                                                                                
                                                                                
                                                                                
                                                                                
                                                                                
                                                                                