                                                                                
                                                                                
                                                                                
          ╭──────────────────────────────────────────────────────────╮          
          │                                                          │          
          │                                                          │          
          │                 ✦ FOCUS CYCLE COMPLETE ✦                 │          
          │                         deep run                         │          
          │                                                          │          
          │                        MODE  Deep Focus                  │          
          │                TIME FOCUSED  1h 30m                      │          
          │               SEGMENTS DONE  3 Completed                 │          
          │                      BREAKS  2                           │          
          │                PAUSES TAKEN  1                           │          
          │                DAILY STREAK  5 Days                      │          
          │                 FOCUS SCORE  ■■■■■■■■□□ 8/10             │          
          │                                                          │          
          │                 Press [Enter] to dismiss                 │          
          │                                                          │          
          │                                                          │          
          ╰──────────────────────────────────────────────────────────╯          
                                                                                
                                                                                
                                                                                