                                                                                
                                                                                
                                                                                
                                                                                
 ╔════════════════════════════════════════════════════════════════════════════╗ 
 ║                                                                            ║ 
 ║                            ██  ████     ██   ██                            ║ 
 ║                              █ █     ● █  █ █  █                           ║ 
 ║                            ██  ███     █  █ █  █                           ║ 
 ║                           █       █  ● █  █ █  █                           ║ 
 ║                           ████ ███      ██   ██                            ║ 
 ║                                                                            ║ 
 ║                                  FOCUSING                                  ║ 
 ║                                PROJECT: PRJ                                ║ 
 ║                                 TASK: TSK                                  ║ 
 ║                                                                            ║ 
 ║    ▒▒▒▒▒▒▒▒▒▒▒▒▒▒▒▒▒▒▒▒▒▒▒▒▒▒▒▒▒▒▒▒▒▒▒▒▒▒▒▒▒▒▒▒▒▒▒▒▒▒▒▒▒▒▒▒▒▒▒▒▒▒▒▒▒▒▒▒    ║ 
 ║                                                                            ║ 
 ╚════════════════════════════════════════════════════════════════════════════╝ 
                                                                                
                                                                                
                                                                                
                                                                                
                                                                                