                                                                                
 ╔════════════════════════════════════════════════════════════════════════════╗ 
 ║                                                                            ║ 
 ║                            ██  ████     ██   ██                            ║ 
 ║                              █ █     ● █  █ █  █                           ║ 
 ║                            ██  ███     █  █ █  █                           ║ 
 ║                           █       █  ● █  █ █  █                           ║ 
 ║                           ████ ███      ██   ██                            ║ 
 ║                                                                            ║ 
 ║                                  BUILDING                                  ║ 
 ║                                  ○ ○ ○ ○                                   ║ 
 ║                              PROJECT: 🐹 FAWZ                              ║ 
 ║                              TASK: BUILD AUTH                              ║ 
 ║                             FEATURE/DEEP-WORK                             ║ 
 ║                              PRESS S TO START                              ║ 
 ║                                                                            ║ 
 ║    ▒▒▒▒▒▒▒▒▒▒▒▒▒▒▒▒▒▒▒▒▒▒▒▒▒▒▒▒▒▒▒▒▒▒▒▒▒▒▒▒▒▒▒▒▒▒▒▒▒▒▒▒▒▒▒▒▒▒▒▒▒▒▒▒▒▒▒▒    ║ 
 ║                                                                            ║ 
 ║     S START  ·  SPACE PAUSE  ·  N SKIP  ·  T TASK  ·  P PROJECT  ·  R      ║ 
 ║                        RESET  ·  ? HELP  ·  Q QUIT                         ║ 
 ║                                                                            ║ 
 ╚════════════════════════════════════════════════════════════════════════════╝ 
                                                                                
                                                                                